ASxxxx Linker V03.00 + NoICE + sdld,  page 1.
Hexadecimal  [32-Bits]

Area                                    Addr        Size        Decimal Bytes (Attributes)
--------------------------------        ----        ----        ------- ----- ------------
.  .ABS.                            00000000    00000000 =           0. bytes (ABS,CON)

      Value  Global                              Global Defined In Module
      -----  --------------------------------   ------------------------
     00000000  .__.ABS.                           
     00000000  l__CABS                         
     00000000  l__DABS                         
     00000000  l__GSFINAL                      
     00000000  l__GSINIT                       
     00000000  l__HOME                         
     00000000  l__INTERRUPT                    
     00000000  s__CABS                         
     00000000  s__DABS                         
     00000000  s__INTERRUPT                    
     00000000  s__INTERRUPT0                   
     00000000  s__INTERRUPT1                   
     00000000  s__INTERRUPT2                   
     00000000  s__INTERRUPT3                   
     00000000  s__INTERRUPT4                   
     00000000  s__INTERRUPT5                   
     00000003  l__INTERRUPT0                   
     00000003  l__INTERRUPT1                   
     00000003  l__INTERRUPT2                   
     00000003  l__INTERRUPT3                   
     00000003  l__INTERRUPT4                   
     00000003  l__INTERRUPT5                   
     00000200  s__CODE                         
     00001106  l__DATA                         
     00001F19  l__CODE                         
     0000C000  s__DATA                         
     0000D106  s__GSFINAL                      
     0000D106  s__GSINIT                       
     0000D106  s__HOME                         

ASxxxx Linker V03.00 + NoICE + sdld,  page 2.
Hexadecimal  [32-Bits]

Area                                    Addr        Size        Decimal Bytes (Attributes)
--------------------------------        ----        ----        ------- ----- ------------
_CODE                               00000200    00001F19 =        7961. bytes (REL,CON)

      Value  Global                              Global Defined In Module
      -----  --------------------------------   ------------------------
     00000200  _vblank_isr                        gb
     00000244  _lcd_stat_isr                      gb
     0000024E  _timer_isr                         gb
     00000257  _serial_isr                        gb
     00000261  _joypad_isr                        gb
     0000026B  _init_gameboy                      gb
     00000280  _set_bg_map_select                 gb
     0000029B  _set_win_map_select                gb
     000002B6  _fastcpy                           gb
     000002D4  _fill                              gb
     000002EF  _set_bg_chr                        gb
     00000319  _set_bg_map                        gb
     00000343  _set_bg_map_tile                   gb
     00000353  _update_bg_map_tile                gb
     000003BF  _set_win_map                       gb
     000003E9  _set_win_map_tile                  gb
     000003F9  _update_win_map_tile               gb
     00000465  _set_obj_chr                       gb
     0000048F  _set_obj                           gb
     000004B7  _copy_to_oam_obj                   gb
     000004DB  _read_joypad                       gb
     000004FF  _key_push                          gb
     00000518  _key_hold                          gb
     00000525  _key_release                       gb
     0000053E  _oam_dma_wait                      oam_dma_wait
     00000548  _oam_dma_wait_end                  oam_dma_wait
     00000548  _oam_dma_wait_size                 oam_dma_wait
     00000549  _main                              main
     00000796  _bg_palette                        main
     00000797  _ob0_palette                       main
     00000798  _ob1_palette                       main
     00000799  _bf_instruction_char               main
     000007A2  _bf_hello_world                    main
     00000817  _inc_bf_instr_p                    main
     0000082A  _dec_bf_instr_p                    main
     00000839  _inc_bf_cell_p                     main
     00000852  _dec_bf_cell_p                     main
     0000086B  _inc_bf_pc                         main
     00000884  _dec_bf_pc                         main
     0000089D  _bf_editor                         main
     00000AF3  _bf_editor_update_instr            main
     00000B6F  _bf_editor_redraw_instr            main
     00000C14  _bf_clear_screen                   main
     00000C92  _bf_interpreter                    main
     00000E49  _bf_get_char                       main
     00000FDA  _bg_tiles                          
     00001FDA  __divsuchar                        
     00001FE9  __modsuchar                        
     00001FF5  __divuschar                        
     00002007  __moduschar                        
ASxxxx Linker V03.00 + NoICE + sdld,  page 3.
Hexadecimal  [32-Bits]

Area                                    Addr        Size        Decimal Bytes (Attributes)
--------------------------------        ----        ----        ------- ----- ------------
_CODE                               00000200    00001F19 =        7961. bytes (REL,CON)

      Value  Global                              Global Defined In Module
      -----  --------------------------------   ------------------------
     00002017  __divschar                         
     00002025  __modschar                         
     00002031  __divsint                          
     00002045  __modsint                          
     00002057  __divuchar                         
     00002065  __moduchar                         
     00002071  __divuint                          
     00002085  __moduint                          
     00002097  .div8                              
     00002097  .mod8                              
     0000209F  .div16                             
     0000209F  .mod16                             
     000020D5  .divu8                             
     000020D5  .modu8                             
     000020D8  .divu16                            
     000020D8  .modu16                            
ASxxxx Linker V03.00 + NoICE + sdld,  page 4.
Hexadecimal  [32-Bits]

Area                                    Addr        Size        Decimal Bytes (Attributes)
--------------------------------        ----        ----        ------- ----- ------------
_DATA                               0000C000    00001106 =        4358. bytes (REL,CON)

      Value  Global                              Global Defined In Module
      -----  --------------------------------   ------------------------
     0000C000  _obj                               gb
     0000C0A0  _vram_transfer_size                gb
     0000C0A1  _vram_transfer_buffer              gb
     0000C0F1  _obj_slot                          gb
     0000C0F2  _joy0                              gb
     0000C0F3  _old_joy0                          gb
     0000C0F4  _scroll_x                          gb
     0000C0F5  _scroll_y                          gb
     0000C0F6  _offset_x                          gb
     0000C0F7  _offset_y                          gb
     0000C0F8  _vblank_happened                   gb
     0000C0F9  _run_interpreter                   main
     0000C0FA  _bf_instr_p                        main
     0000C0FC  _bf_instr                          main
     0000C8FC  _bf_pc                             main
     0000C8FE  _bf_cell_p                         main
     0000C900  _bf_cell                           main
     0000D100  _bf_screen_out_x                   main
     0000D101  _bf_screen_out_y                   main
     0000D102  _cursor_obj                        main

ASxxxx Linker V03.00 + NoICE + sdld,  page 5.
Hexadecimal  [32-Bits]

Area                                    Addr        Size        Decimal Bytes (Attributes)
--------------------------------        ----        ----        ------- ----- ------------
_INTERRUPT0                         00000000    00000003 =           3. bytes (ABS,CON)

      Value  Global                              Global Defined In Module
      -----  --------------------------------   ------------------------
ASxxxx Linker V03.00 + NoICE + sdld,  page 6.
Hexadecimal  [32-Bits]

Area                                    Addr        Size        Decimal Bytes (Attributes)
--------------------------------        ----        ----        ------- ----- ------------
_INTERRUPT1                         00000000    00000003 =           3. bytes (ABS,CON)

      Value  Global                              Global Defined In Module
      -----  --------------------------------   ------------------------
ASxxxx Linker V03.00 + NoICE + sdld,  page 7.
Hexadecimal  [32-Bits]

Area                                    Addr        Size        Decimal Bytes (Attributes)
--------------------------------        ----        ----        ------- ----- ------------
_INTERRUPT2                         00000000    00000003 =           3. bytes (ABS,CON)

      Value  Global                              Global Defined In Module
      -----  --------------------------------   ------------------------
ASxxxx Linker V03.00 + NoICE + sdld,  page 8.
Hexadecimal  [32-Bits]

Area                                    Addr        Size        Decimal Bytes (Attributes)
--------------------------------        ----        ----        ------- ----- ------------
_INTERRUPT3                         00000000    00000003 =           3. bytes (ABS,CON)

      Value  Global                              Global Defined In Module
      -----  --------------------------------   ------------------------
ASxxxx Linker V03.00 + NoICE + sdld,  page 9.
Hexadecimal  [32-Bits]

Area                                    Addr        Size        Decimal Bytes (Attributes)
--------------------------------        ----        ----        ------- ----- ------------
_INTERRUPT4                         00000000    00000003 =           3. bytes (ABS,CON)

      Value  Global                              Global Defined In Module
      -----  --------------------------------   ------------------------
ASxxxx Linker V03.00 + NoICE + sdld,  page 10.
Hexadecimal  [32-Bits]

Area                                    Addr        Size        Decimal Bytes (Attributes)
--------------------------------        ----        ----        ------- ----- ------------
_INTERRUPT5                         00000000    00000003 =           3. bytes (ABS,CON)

      Value  Global                              Global Defined In Module
      -----  --------------------------------   ------------------------
ASxxxx Linker V03.00 + NoICE + sdld,  page 11.

Files Linked                              [ module(s) ]

output/out/gb.rel                         [ gb ]
output/out/oam_dma_wait.rel               [ oam_dma_wait ]
output/out/main.rel                       [ main ]
output/out/int_vector.rel                 [ int_vector ]
output/out/bg_tiles.rel                   [  ]


Libraries Linked                          [ object file ]

C:/SDCC/lib/gbz80/gbz80.lib               [ div.rel ]

ASxxxx Linker V03.00 + NoICE + sdld,  page 12.

User Base Address Definitions

_CODE = 0x0200
_DATA = 0xc000

